
> eticaret-client-i@0.0.0 build
> ng build

[33mÔØ»[39m Building...
node.exe : ERROR Refer
enceError: alertify is
 not defined
At line:1 char:1
+ & "C:\Program Files\
nodejs/node.exe" "C:\P
rogram Files\nodejs/no
de_mo ...
+ ~~~~~~~~~~~~~~~~~~~~
~~~~~~~~~~~~~~~~~~~~~~
~~~~~~~~~~~~~~~~~~~~~~
~~~~~
    + CategoryInfo    
          : NotSpecifi
ed    : (ERROR Referen
ce.    .. is not defin
ed:S    tring) [], Rem
oteEx    ception
    + FullyQualifiedEr
r    orId : NativeComm
an    dError
 
    at t.message (file
:///C:/Users/melih/Des
ktop/eticaret/Eticaret
ClientI/.angular/prere
nder-root/55057e73-6d1
2-4ad2-a2eb-0013d8a6c6
cd/chunk-AZIRVANB.mjs:
4:278)
    at i.ngOnInit (fil
e:///C:/Users/melih/De
sktop/eticaret/Eticare
tClientI/.angular/prer
ender-root/55057e73-6d
12-4ad2-a2eb-0013d8a6c
6cd/main.server.mjs:76
:9337)
    at Ig (file:///C:/
Users/melih/Desktop/et
icaret/EticaretClientI
/.angular/prerender-ro
ot/55057e73-6d12-4ad2-
a2eb-0013d8a6c6cd/chun
k-FOLHPAYI.mjs:5:28006
)
    at yw (file:///C:/
Users/melih/Desktop/et
icaret/EticaretClientI
/.angular/prerender-ro
ot/55057e73-6d12-4ad2-
a2eb-0013d8a6c6cd/chun
k-FOLHPAYI.mjs:5:28168
)
    at cm (file:///C:/
Users/melih/Desktop/et
icaret/EticaretClientI
/.angular/prerender-ro
ot/55057e73-6d12-4ad2-
a2eb-0013d8a6c6cd/chun
k-FOLHPAYI.mjs:5:27895
)
    at Ks (file:///C:/
Users/melih/Desktop/et
icaret/EticaretClientI
/.angular/prerender-ro
ot/55057e73-6d12-4ad2-
a2eb-0013d8a6c6cd/chun
k-FOLHPAYI.mjs:5:27623
)
    at Lb (file:///C:/
Users/melih/Desktop/et
icaret/EticaretClientI
/.angular/prerender-ro
ot/55057e73-6d12-4ad2-
a2eb-0013d8a6c6cd/chun
k-FOLHPAYI.mjs:5:69043
)
    at Zl (file:///C:/
Users/melih/Desktop/et
icaret/EticaretClientI
/.angular/prerender-ro
ot/55057e73-6d12-4ad2-
a2eb-0013d8a6c6cd/chun
k-FOLHPAYI.mjs:5:70119
)
    at Lv (file:///C:/
Users/melih/Desktop/et
icaret/EticaretClientI
/.angular/prerender-ro
ot/55057e73-6d12-4ad2-
a2eb-0013d8a6c6cd/chun
k-FOLHPAYI.mjs:5:69951
)
    at Pv (file:///C:/
Users/melih/Desktop/et
icaret/EticaretClientI
/.angular/prerender-ro
ot/55057e73-6d12-4ad2-
a2eb-0013d8a6c6cd/chun
k-FOLHPAYI.mjs:5:69691
)
ERROR ReferenceError: 
alertify is not define
d
    at t.message (file
:///C:/Users/melih/Des
ktop/eticaret/Eticaret
ClientI/.angular/prere
nder-root/88f6572e-4c2
0-4432-86af-9e0d455194
10/chunk-AZIRVANB.mjs:
4:278)
    at i.ngOnInit (fil
e:///C:/Users/melih/De
sktop/eticaret/Eticare
tClientI/.angular/prer
ender-root/88f6572e-4c
20-4432-86af-9e0d45519
410/main.server.mjs:76
:9337)
    at Ig (file:///C:/
Users/melih/Desktop/et
icaret/EticaretClientI
/.angular/prerender-ro
ot/88f6572e-4c20-4432-
86af-9e0d45519410/chun
k-FOLHPAYI.mjs:5:28006
)
    at yw (file:///C:/
Users/melih/Desktop/et
icaret/EticaretClientI
/.angular/prerender-ro
ot/88f6572e-4c20-4432-
86af-9e0d45519410/chun
k-FOLHPAYI.mjs:5:28168
)
    at cm (file:///C:/
Users/melih/Desktop/et
icaret/EticaretClientI
/.angular/prerender-ro
ot/88f6572e-4c20-4432-
86af-9e0d45519410/chun
k-FOLHPAYI.mjs:5:27895
)
    at Ks (file:///C:/
Users/melih/Desktop/et
icaret/EticaretClientI
/.angular/prerender-ro
ot/88f6572e-4c20-4432-
86af-9e0d45519410/chun
k-FOLHPAYI.mjs:5:27623
)
    at Lb (file:///C:/
Users/melih/Desktop/et
icaret/EticaretClientI
/.angular/prerender-ro
ot/88f6572e-4c20-4432-
86af-9e0d45519410/chun
k-FOLHPAYI.mjs:5:69043
)
    at Zl (file:///C:/
Users/melih/Desktop/et
icaret/EticaretClientI
/.angular/prerender-ro
ot/88f6572e-4c20-4432-
86af-9e0d45519410/chun
k-FOLHPAYI.mjs:5:70119
)
    at Lv (file:///C:/
Users/melih/Desktop/et
icaret/EticaretClientI
/.angular/prerender-ro
ot/88f6572e-4c20-4432-
86af-9e0d45519410/chun
k-FOLHPAYI.mjs:5:69951
)
    at Pv (file:///C:/
Users/melih/Desktop/et
icaret/EticaretClientI
/.angular/prerender-ro
ot/88f6572e-4c20-4432-
86af-9e0d45519410/chun
k-FOLHPAYI.mjs:5:69691
)
44 rules skipped due t
o selector errors:
  0% -> Unmatched sele
ctor: %
  5% -> Unmatched sele
ctor: %
  0% -> Unmatched sele
ctor: %
  5% -> Unmatched sele
ctor: %
  50% -> Unmatched sel
ector: %
  50% -> Unmatched sel
ector: %
  50% -> Unmatched sel
ector: %
  50% -> Unmatched sel
ector: %
  50% -> Unmatched sel
ector: %
  50% -> Unmatched sel
ector: %
  50% -> Unmatched sel
ector: %
  50% -> Unmatched sel
ector: %
  50% -> Unmatched sel
ector: %
  50% -> Unmatched sel
ector: %
  50% -> Unmatched sel
ector: %
  50% -> Unmatched sel
ector: %
  25% -> Unmatched sel
ector: %
  50% -> Unmatched sel
ector: %
  25% -> Unmatched sel
ector: %
  50% -> Unmatched sel
ector: %
  50% -> Unmatched sel
ector: %
  75% -> Unmatched sel
ector: %
  50% -> Unmatched sel
ector: %
  75% -> Unmatched sel
ector: %
  17% -> Unmatched sel
ector: %
  34% -> Unmatched sel
ector: %
  50% -> Unmatched sel
ector: %
  67% -> Unmatched sel
ector: %
  84% -> Unmatched sel
ector: %
  17% -> Unmatched sel
ector: %
  34% -> Unmatched sel
ector: %
  50% -> Unmatched sel
ector: %
  67% -> Unmatched sel
ector: %
  84% -> Unmatched sel
ector: %
  17% -> Unmatched sel
ector: %
  34% -> Unmatched sel
ector: %
  50% -> Unmatched sel
ector: %
  67% -> Unmatched sel
ector: %
  84% -> Unmatched sel
ector: %
  17% -> Unmatched sel
ector: %
  34% -> Unmatched sel
ector: %
  50% -> Unmatched sel
ector: %
  67% -> Unmatched sel
ector: %
  84% -> Unmatched sel
ector: %
44 rules skipped due t
o selector errors:
  0% -> Unmatched sele
ctor: %
  5% -> Unmatched sele
ctor: %
  0% -> Unmatched sele
ctor: %
  5% -> Unmatched sele
ctor: %
  50% -> Unmatched sel
ector: %
  50% -> Unmatched sel
ector: %
  50% -> Unmatched sel
ector: %
  50% -> Unmatched sel
ector: %
  50% -> Unmatched sel
ector: %
  50% -> Unmatched sel
ector: %
  50% -> Unmatched sel
ector: %
  50% -> Unmatched sel
ector: %
  50% -> Unmatched sel
ector: %
  50% -> Unmatched sel
ector: %
  50% -> Unmatched sel
ector: %
  50% -> Unmatched sel
ector: %
  25% -> Unmatched sel
ector: %
  50% -> Unmatched sel
ector: %
  25% -> Unmatched sel
ector: %
  50% -> Unmatched sel
ector: %
  50% -> Unmatched sel
ector: %
  75% -> Unmatched sel
ector: %
  50% -> Unmatched sel
ector: %
  75% -> Unmatched sel
ector: %
  17% -> Unmatched sel
ector: %
  34% -> Unmatched sel
ector: %
  50% -> Unmatched sel
ector: %
  67% -> Unmatched sel
ector: %
  84% -> Unmatched sel
ector: %
  17% -> Unmatched sel
ector: %
  34% -> Unmatched sel
ector: %
  50% -> Unmatched sel
ector: %
  67% -> Unmatched sel
ector: %
  84% -> Unmatched sel
ector: %
  17% -> Unmatched sel
ector: %
  34% -> Unmatched sel
ector: %
  50% -> Unmatched sel
ector: %
  67% -> Unmatched sel
ector: %
  84% -> Unmatched sel
ector: %
  17% -> Unmatched sel
ector: %
  34% -> Unmatched sel
ector: %
  50% -> Unmatched sel
ector: %
  67% -> Unmatched sel
ector: %
  84% -> Unmatched sel
ector: %
44 rules skipped due t
o selector errors:
  0% -> Unmatched sele
ctor: %
  5% -> Unmatched sele
ctor: %
  0% -> Unmatched sele
ctor: %
  5% -> Unmatched sele
ctor: %
  50% -> Unmatched sel
ector: %
  50% -> Unmatched sel
ector: %
  50% -> Unmatched sel
ector: %
  50% -> Unmatched sel
ector: %
  50% -> Unmatched sel
ector: %
  50% -> Unmatched sel
ector: %
  50% -> Unmatched sel
ector: %
  50% -> Unmatched sel
ector: %
  50% -> Unmatched sel
ector: %
  50% -> Unmatched sel
ector: %
  50% -> Unmatched sel
ector: %
  50% -> Unmatched sel
ector: %
  25% -> Unmatched sel
ector: %
  50% -> Unmatched sel
ector: %
  25% -> Unmatched sel
ector: %
  50% -> Unmatched sel
ector: %
  50% -> Unmatched sel
ector: %
  75% -> Unmatched sel
ector: %
  50% -> Unmatched sel
ector: %
  75% -> Unmatched sel
ector: %
  17% -> Unmatched sel
ector: %
  34% -> Unmatched sel
ector: %
  50% -> Unmatched sel
ector: %
  67% -> Unmatched sel
ector: %
  84% -> Unmatched sel
ector: %
  17% -> Unmatched sel
ector: %
  34% -> Unmatched sel
ector: %
  50% -> Unmatched sel
ector: %
  67% -> Unmatched sel
ector: %
  84% -> Unmatched sel
ector: %
  17% -> Unmatched sel
ector: %
  34% -> Unmatched sel
ector: %
  50% -> Unmatched sel
ector: %
  67% -> Unmatched sel
ector: %
  84% -> Unmatched sel
ector: %
  17% -> Unmatched sel
ector: %
  34% -> Unmatched sel
ector: %
  50% -> Unmatched sel
ector: %
  67% -> Unmatched sel
ector: %
  84% -> Unmatched sel
ector: %
ERROR ReferenceError: 
alertify is not define
d
    at t.message (file
:///C:/Users/melih/Des
ktop/eticaret/Eticaret
ClientI/.angular/prere
nder-root/2fb75efc-9f3
a-47c7-8fa8-dde7f417de
3f/chunk-AZIRVANB.mjs:
4:278)
    at i.ngOnInit (fil
e:///C:/Users/melih/De
sktop/eticaret/Eticare
tClientI/.angular/prer
ender-root/2fb75efc-9f
3a-47c7-8fa8-dde7f417d
e3f/main.server.mjs:76
:9337)
    at Ig (file:///C:/
Users/melih/Desktop/et
icaret/EticaretClientI
/.angular/prerender-ro
ot/2fb75efc-9f3a-47c7-
8fa8-dde7f417de3f/chun
k-FOLHPAYI.mjs:5:28006
)
    at yw (file:///C:/
Users/melih/Desktop/et
icaret/EticaretClientI
/.angular/prerender-ro
ot/2fb75efc-9f3a-47c7-
8fa8-dde7f417de3f/chun
k-FOLHPAYI.mjs:5:28168
)
    at cm (file:///C:/
Users/melih/Desktop/et
icaret/EticaretClientI
/.angular/prerender-ro
ot/2fb75efc-9f3a-47c7-
8fa8-dde7f417de3f/chun
k-FOLHPAYI.mjs:5:27895
)
    at Ks (file:///C:/
Users/melih/Desktop/et
icaret/EticaretClientI
/.angular/prerender-ro
ot/2fb75efc-9f3a-47c7-
8fa8-dde7f417de3f/chun
k-FOLHPAYI.mjs:5:27623
)
    at Lb (file:///C:/
Users/melih/Desktop/et
icaret/EticaretClientI
/.angular/prerender-ro
ot/2fb75efc-9f3a-47c7-
8fa8-dde7f417de3f/chun
k-FOLHPAYI.mjs:5:69043
)
    at Zl (file:///C:/
Users/melih/Desktop/et
icaret/EticaretClientI
/.angular/prerender-ro
ot/2fb75efc-9f3a-47c7-
8fa8-dde7f417de3f/chun
k-FOLHPAYI.mjs:5:70119
)
    at Lv (file:///C:/
Users/melih/Desktop/et
icaret/EticaretClientI
/.angular/prerender-ro
ot/2fb75efc-9f3a-47c7-
8fa8-dde7f417de3f/chun
k-FOLHPAYI.mjs:5:69951
)
    at Pv (file:///C:/
Users/melih/Desktop/et
icaret/EticaretClientI
/.angular/prerender-ro
ot/2fb75efc-9f3a-47c7-
8fa8-dde7f417de3f/chun
k-FOLHPAYI.mjs:5:69691
)
44 rules skipped due t
o selector errors:
  0% -> Unmatched sele
ctor: %
  5% -> Unmatched sele
ctor: %
  0% -> Unmatched sele
ctor: %
  5% -> Unmatched sele
ctor: %
  50% -> Unmatched sel
ector: %
  50% -> Unmatched sel
ector: %
  50% -> Unmatched sel
ector: %
  50% -> Unmatched sel
ector: %
  50% -> Unmatched sel
ector: %
  50% -> Unmatched sel
ector: %
  50% -> Unmatched sel
ector: %
  50% -> Unmatched sel
ector: %
  50% -> Unmatched sel
ector: %
  50% -> Unmatched sel
ector: %
  50% -> Unmatched sel
ector: %
  50% -> Unmatched sel
ector: %
  25% -> Unmatched sel
ector: %
  50% -> Unmatched sel
ector: %
  25% -> Unmatched sel
ector: %
  50% -> Unmatched sel
ector: %
  50% -> Unmatched sel
ector: %
  75% -> Unmatched sel
ector: %
  50% -> Unmatched sel
ector: %
  75% -> Unmatched sel
ector: %
  17% -> Unmatched sel
ector: %
  34% -> Unmatched sel
ector: %
  50% -> Unmatched sel
ector: %
  67% -> Unmatched sel
ector: %
  84% -> Unmatched sel
ector: %
  17% -> Unmatched sel
ector: %
  34% -> Unmatched sel
ector: %
  50% -> Unmatched sel
ector: %
  67% -> Unmatched sel
ector: %
  84% -> Unmatched sel
ector: %
  17% -> Unmatched sel
ector: %
  34% -> Unmatched sel
ector: %
  50% -> Unmatched sel
ector: %
  67% -> Unmatched sel
ector: %
  84% -> Unmatched sel
ector: %
  17% -> Unmatched sel
ector: %
  34% -> Unmatched sel
ector: %
  50% -> Unmatched sel
ector: %
  67% -> Unmatched sel
ector: %
  84% -> Unmatched sel
ector: %
ERROR ReferenceError: 
alertify is not define
d
    at t.message (file
:///C:/Users/melih/Des
ktop/eticaret/Eticaret
ClientI/.angular/prere
nder-root/55057e73-6d1
2-4ad2-a2eb-0013d8a6c6
cd/chunk-AZIRVANB.mjs:
4:278)
    at i.ngOnInit (fil
e:///C:/Users/melih/De
sktop/eticaret/Eticare
tClientI/.angular/prer
ender-root/55057e73-6d
12-4ad2-a2eb-0013d8a6c
6cd/main.server.mjs:76
:9337)
    at Ig (file:///C:/
Users/melih/Desktop/et
icaret/EticaretClientI
/.angular/prerender-ro
ot/55057e73-6d12-4ad2-
a2eb-0013d8a6c6cd/chun
k-FOLHPAYI.mjs:5:28006
)
    at yw (file:///C:/
Users/melih/Desktop/et
icaret/EticaretClientI
/.angular/prerender-ro
ot/55057e73-6d12-4ad2-
a2eb-0013d8a6c6cd/chun
k-FOLHPAYI.mjs:5:28168
)
    at cm (file:///C:/
Users/melih/Desktop/et
icaret/EticaretClientI
/.angular/prerender-ro
ot/55057e73-6d12-4ad2-
a2eb-0013d8a6c6cd/chun
k-FOLHPAYI.mjs:5:27895
)
    at Ks (file:///C:/
Users/melih/Desktop/et
icaret/EticaretClientI
/.angular/prerender-ro
ot/55057e73-6d12-4ad2-
a2eb-0013d8a6c6cd/chun
k-FOLHPAYI.mjs:5:27623
)
    at Lb (file:///C:/
Users/melih/Desktop/et
icaret/EticaretClientI
/.angular/prerender-ro
ot/55057e73-6d12-4ad2-
a2eb-0013d8a6c6cd/chun
k-FOLHPAYI.mjs:5:69043
)
    at Zl (file:///C:/
Users/melih/Desktop/et
icaret/EticaretClientI
/.angular/prerender-ro
ot/55057e73-6d12-4ad2-
a2eb-0013d8a6c6cd/chun
k-FOLHPAYI.mjs:5:70119
)
    at Lv (file:///C:/
Users/melih/Desktop/et
icaret/EticaretClientI
/.angular/prerender-ro
ot/55057e73-6d12-4ad2-
a2eb-0013d8a6c6cd/chun
k-FOLHPAYI.mjs:5:69951
)
    at Pv (file:///C:/
Users/melih/Desktop/et
icaret/EticaretClientI
/.angular/prerender-ro
ot/55057e73-6d12-4ad2-
a2eb-0013d8a6c6cd/chun
k-FOLHPAYI.mjs:5:69691
)
ERROR ReferenceError: 
alertify is not define
d
    at t.message (file
:///C:/Users/melih/Des
ktop/eticaret/Eticaret
ClientI/.angular/prere
nder-root/88f6572e-4c2
0-4432-86af-9e0d455194
10/chunk-AZIRVANB.mjs:
4:278)
    at i.ngOnInit (fil
e:///C:/Users/melih/De
sktop/eticaret/Eticare
tClientI/.angular/prer
ender-root/88f6572e-4c
20-4432-86af-9e0d45519
410/main.server.mjs:76
:9337)
    at Ig (file:///C:/
Users/melih/Desktop/et
icaret/EticaretClientI
/.angular/prerender-ro
ot/88f6572e-4c20-4432-
86af-9e0d45519410/chun
k-FOLHPAYI.mjs:5:28006
)
    at yw (file:///C:/
Users/melih/Desktop/et
icaret/EticaretClientI
/.angular/prerender-ro
ot/88f6572e-4c20-4432-
86af-9e0d45519410/chun
k-FOLHPAYI.mjs:5:28168
)
    at cm (file:///C:/
Users/melih/Desktop/et
icaret/EticaretClientI
/.angular/prerender-ro
ot/88f6572e-4c20-4432-
86af-9e0d45519410/chun
k-FOLHPAYI.mjs:5:27895
)
    at Ks (file:///C:/
Users/melih/Desktop/et
icaret/EticaretClientI
/.angular/prerender-ro
ot/88f6572e-4c20-4432-
86af-9e0d45519410/chun
k-FOLHPAYI.mjs:5:27623
)
    at Lb (file:///C:/
Users/melih/Desktop/et
icaret/EticaretClientI
/.angular/prerender-ro
ot/88f6572e-4c20-4432-
86af-9e0d45519410/chun
k-FOLHPAYI.mjs:5:69043
)
    at Zl (file:///C:/
Users/melih/Desktop/et
icaret/EticaretClientI
/.angular/prerender-ro
ot/88f6572e-4c20-4432-
86af-9e0d45519410/chun
k-FOLHPAYI.mjs:5:70119
)
    at Lv (file:///C:/
Users/melih/Desktop/et
icaret/EticaretClientI
/.angular/prerender-ro
ot/88f6572e-4c20-4432-
86af-9e0d45519410/chun
k-FOLHPAYI.mjs:5:69951
)
    at Pv (file:///C:/
Users/melih/Desktop/et
icaret/EticaretClientI
/.angular/prerender-ro
ot/88f6572e-4c20-4432-
86af-9e0d45519410/chun
k-FOLHPAYI.mjs:5:69691
)
44 rules skipped due t
o selector errors:
  0% -> Unmatched sele
ctor: %
  5% -> Unmatched sele
ctor: %
  0% -> Unmatched sele
ctor: %
  5% -> Unmatched sele
ctor: %
  50% -> Unmatched sel
ector: %
  50% -> Unmatched sel
ector: %
  50% -> Unmatched sel
ector: %
  50% -> Unmatched sel
ector: %
  50% -> Unmatched sel
ector: %
  50% -> Unmatched sel
ector: %
  50% -> Unmatched sel
ector: %
  50% -> Unmatched sel
ector: %
  50% -> Unmatched sel
ector: %
  50% -> Unmatched sel
ector: %
  50% -> Unmatched sel
ector: %
  50% -> Unmatched sel
ector: %
  25% -> Unmatched sel
ector: %
  50% -> Unmatched sel
ector: %
  25% -> Unmatched sel
ector: %
  50% -> Unmatched sel
ector: %
  50% -> Unmatched sel
ector: %
  75% -> Unmatched sel
ector: %
  50% -> Unmatched sel
ector: %
  75% -> Unmatched sel
ector: %
  17% -> Unmatched sel
ector: %
  34% -> Unmatched sel
ector: %
  50% -> Unmatched sel
ector: %
  67% -> Unmatched sel
ector: %
  84% -> Unmatched sel
ector: %
  17% -> Unmatched sel
ector: %
  34% -> Unmatched sel
ector: %
  50% -> Unmatched sel
ector: %
  67% -> Unmatched sel
ector: %
  84% -> Unmatched sel
ector: %
  17% -> Unmatched sel
ector: %
  34% -> Unmatched sel
ector: %
  50% -> Unmatched sel
ector: %
  67% -> Unmatched sel
ector: %
  84% -> Unmatched sel
ector: %
  17% -> Unmatched sel
ector: %
  34% -> Unmatched sel
ector: %
  50% -> Unmatched sel
ector: %
  67% -> Unmatched sel
ector: %
  84% -> Unmatched sel
ector: %
44 rules skipped due t
o selector errors:
  0% -> Unmatched sele
ctor: %
  5% -> Unmatched sele
ctor: %
  0% -> Unmatched sele
ctor: %
  5% -> Unmatched sele
ctor: %
  50% -> Unmatched sel
ector: %
  50% -> Unmatched sel
ector: %
  50% -> Unmatched sel
ector: %
  50% -> Unmatched sel
ector: %
  50% -> Unmatched sel
ector: %
  50% -> Unmatched sel
ector: %
  50% -> Unmatched sel
ector: %
  50% -> Unmatched sel
ector: %
  50% -> Unmatched sel
ector: %
  50% -> Unmatched sel
ector: %
  50% -> Unmatched sel
ector: %
  50% -> Unmatched sel
ector: %
  25% -> Unmatched sel
ector: %
  50% -> Unmatched sel
ector: %
  25% -> Unmatched sel
ector: %
  50% -> Unmatched sel
ector: %
  50% -> Unmatched sel
ector: %
  75% -> Unmatched sel
ector: %
  50% -> Unmatched sel
ector: %
  75% -> Unmatched sel
ector: %
  17% -> Unmatched sel
ector: %
  34% -> Unmatched sel
ector: %
  50% -> Unmatched sel
ector: %
  67% -> Unmatched sel
ector: %
  84% -> Unmatched sel
ector: %
  17% -> Unmatched sel
ector: %
  34% -> Unmatched sel
ector: %
  50% -> Unmatched sel
ector: %
  67% -> Unmatched sel
ector: %
  84% -> Unmatched sel
ector: %
  17% -> Unmatched sel
ector: %
  34% -> Unmatched sel
ector: %
  50% -> Unmatched sel
ector: %
  67% -> Unmatched sel
ector: %
  84% -> Unmatched sel
ector: %
  17% -> Unmatched sel
ector: %
  34% -> Unmatched sel
ector: %
  50% -> Unmatched sel
ector: %
  67% -> Unmatched sel
ector: %
  84% -> Unmatched sel
ector: %
44 rules skipped due t
o selector errors:
  0% -> Unmatched sele
ctor: %
  5% -> Unmatched sele
ctor: %
  0% -> Unmatched sele
ctor: %
  5% -> Unmatched sele
ctor: %
  50% -> Unmatched sel
ector: %
  50% -> Unmatched sel
ector: %
  50% -> Unmatched sel
ector: %
  50% -> Unmatched sel
ector: %
  50% -> Unmatched sel
ector: %
  50% -> Unmatched sel
ector: %
  50% -> Unmatched sel
ector: %
  50% -> Unmatched sel
ector: %
  50% -> Unmatched sel
ector: %
  50% -> Unmatched sel
ector: %
  50% -> Unmatched sel
ector: %
  50% -> Unmatched sel
ector: %
  25% -> Unmatched sel
ector: %
  50% -> Unmatched sel
ector: %
  25% -> Unmatched sel
ector: %
  50% -> Unmatched sel
ector: %
  50% -> Unmatched sel
ector: %
  75% -> Unmatched sel
ector: %
  50% -> Unmatched sel
ector: %
  75% -> Unmatched sel
ector: %
  17% -> Unmatched sel
ector: %
  34% -> Unmatched sel
ector: %
  50% -> Unmatched sel
ector: %
  67% -> Unmatched sel
ector: %
  84% -> Unmatched sel
ector: %
  17% -> Unmatched sel
ector: %
  34% -> Unmatched sel
ector: %
  50% -> Unmatched sel
ector: %
  67% -> Unmatched sel
ector: %
  84% -> Unmatched sel
ector: %
  17% -> Unmatched sel
ector: %
  34% -> Unmatched sel
ector: %
  50% -> Unmatched sel
ector: %
  67% -> Unmatched sel
ector: %
  84% -> Unmatched sel
ector: %
  17% -> Unmatched sel
ector: %
  34% -> Unmatched sel
ector: %
  50% -> Unmatched sel
ector: %
  67% -> Unmatched sel
ector: %
  84% -> Unmatched sel
ector: %
44 rules skipped due t
o selector errors:
  0% -> Unmatched sele
ctor: %
  5% -> Unmatched sele
ctor: %
  0% -> Unmatched sele
ctor: %
  5% -> Unmatched sele
ctor: %
  50% -> Unmatched sel
ector: %
  50% -> Unmatched sel
ector: %
  50% -> Unmatched sel
ector: %
  50% -> Unmatched sel
ector: %
  50% -> Unmatched sel
ector: %
  50% -> Unmatched sel
ector: %
  50% -> Unmatched sel
ector: %
  50% -> Unmatched sel
ector: %
  50% -> Unmatched sel
ector: %
  50% -> Unmatched sel
ector: %
  50% -> Unmatched sel
ector: %
  50% -> Unmatched sel
ector: %
  25% -> Unmatched sel
ector: %
  50% -> Unmatched sel
ector: %
  25% -> Unmatched sel
ector: %
  50% -> Unmatched sel
ector: %
  50% -> Unmatched sel
ector: %
  75% -> Unmatched sel
ector: %
  50% -> Unmatched sel
ector: %
  75% -> Unmatched sel
ector: %
  17% -> Unmatched sel
ector: %
  34% -> Unmatched sel
ector: %
  50% -> Unmatched sel
ector: %
  67% -> Unmatched sel
ector: %
  84% -> Unmatched sel
ector: %
  17% -> Unmatched sel
ector: %
  34% -> Unmatched sel
ector: %
  50% -> Unmatched sel
ector: %
  67% -> Unmatched sel
ector: %
  84% -> Unmatched sel
ector: %
  17% -> Unmatched sel
ector: %
  34% -> Unmatched sel
ector: %
  50% -> Unmatched sel
ector: %
  67% -> Unmatched sel
ector: %
  84% -> Unmatched sel
ector: %
  17% -> Unmatched sel
ector: %
  34% -> Unmatched sel
ector: %
  50% -> Unmatched sel
ector: %
  67% -> Unmatched sel
ector: %
  84% -> Unmatched sel
ector: %
[32mÔ£ö[39m Building...
[35mBrowser bundles[39m     
[1mInitial chunk files[22m [2m | [22m[1mNames[22m           [2m | [22m [1mRaw size[22m[2m | [22m[1mEstimated transfer size[22m
[32mstyles-UP56HV3W.css[39m [2m | [22m[2mstyles[22m          [2m | [22m[36m390.10 kB[39m[2m | [22m               [36m38.07 kB[39m
[32mchunk-6TH2LIAG.js[39m   [2m | [22m[2m-[22m               [2m | [22m[36m310.85 kB[39m[2m | [22m               [36m85.15 kB[39m
[32mscripts-5EDZKTUP.js[39m [2m | [22m[2mscripts[22m         [2m | [22m[36m197.86 kB[39m[2m | [22m               [36m55.98 kB[39m
[32mchunk-P7MH6OQN.js[39m   [2m | [22m[2m-[22m               [2m | [22m[36m180.82 kB[39m[2m | [22m               [36m33.39 kB[39m
[32mmain-7NSAT3OL.js[39m    [2m | [22m[2mmain[22m            [2m | [22m[36m111.24 kB[39m[2m | [22m               [36m25.82 kB[39m
[32mchunk-HGC6S3KS.js[39m   [2m | [22m[2m-[22m               [2m | [22m [36m10.98 kB[39m[2m | [22m                [36m3.44 kB[39m
[32mchunk-RCLJMCQK.js[39m   [2m | [22m[2m-[22m               [2m | [22m[36m657 bytes[39m[2m | [22m              [36m657 bytes[39m
[32mchunk-T4VYD3RD.js[39m   [2m | [22m[2m-[22m               [2m | [22m[36m655 bytes[39m[2m | [22m              [36m655 bytes[39m
[32mchunk-XHX5HP7O.js[39m   [2m | [22m[2m-[22m               [2m | [22m[36m653 bytes[39m[2m | [22m              [36m653 bytes[39m
[32mchunk-PIHIKKRY.js[39m   [2m | [22m[2m-[22m               [2m | [22m[36m651 bytes[39m[2m | [22m              [36m651 bytes[39m
[32mchunk-R2FHXO5I.js[39m   [2m | [22m[2m-[22m               [2m | [22m[36m507 bytes[39m[2m | [22m              [36m507 bytes[39m

[1m [22m                   [2m | [22m[1mInitial total[22m   [2m | [22m  [1m[91m1.20 MB[39m[22m[2m | [22m              [1m244.97 kB[22m

[1mLazy chunk files[22m    [2m | [22m[1mNames[22m           [2m | [22m [1mRaw size[22m[2m | [22m[1mEstimated transfer size[22m
[32mchunk-4WDMEDFT.js[39m   [2m | [22m[2mproducts-module[22m [2m | [22m[36m125 bytes[39m[2m | [22m              [36m125 bytes[39m
[32mchunk-V74RKK5B.js[39m   [2m | [22m[2mcustomers-module[22m[2m | [22m[36m121 bytes[39m[2m | [22m              [36m121 bytes[39m
[32mchunk-RD4KK7R6.js[39m   [2m | [22m[2mproducts-module[22m [2m | [22m[36m120 bytes[39m[2m | [22m              [36m120 bytes[39m
[32mchunk-V4ZOXQIU.js[39m   [2m | [22m[2mbaskets-module[22m  [2m | [22m[36m119 bytes[39m[2m | [22m              [36m119 bytes[39m
[32mchunk-CI7PFHN4.js[39m   [2m | [22m[2morders-module[22m   [2m | [22m[36m118 bytes[39m[2m | [22m              [36m118 bytes[39m
[32mchunk-FYIGJMOD.js[39m   [2m | [22m[2mdashboard-module[22m[2m | [22m [36m93 bytes[39m[2m | [22m               [36m93 bytes[39m


[35mServer bundles[39m      
[1mInitial chunk files[22m [2m | [22m[1mNames[22m           [2m | [22m [1mRaw size[22m
[32mserver.mjs[39m          [2m | [22m[2mserver[22m          [2m | [22m[36m806.15 kB[39m[2m | [22m                       
[32mmain.server.mjs[39m     [2m | [22m[2mmain.server[22m     [2m | [22m[36m556.12 kB[39m[2m | [22m                       
[32mchunk-FOLHPAYI.mjs[39m  [2m | [22m[2m-[22m               [2m | [22m[36m303.05 kB[39m[2m | [22m                       
[32mpolyfills.server.mjs[39m[2m | [22m[2mpolyfills.server[22m[2m | [22m[36m233.48 kB[39m[2m | [22m                       
[32mchunk-AZIRVANB.mjs[39m  [2m | [22m[2m-[22m               [2m | [22m[36m180.89 kB[39m[2m | [22m                       
[32mchunk-UTTETVGW.mjs[39m  [2m | [22m[2m-[22m               [2m | [22m [36m11.04 kB[39m[2m | [22m                       
[32mchunk-L2MVFUKD.mjs[39m  [2m | [22m[2m-[22m               [2m | [22m  [36m1.32 kB[39m[2m | [22m                       
[32mchunk-T55IDOPT.mjs[39m  [2m | [22m[2m-[22m               [2m | [22m[36m976 bytes[39m[2m | [22m                       
[32mchunk-DUILBF7T.mjs[39m  [2m | [22m[2m-[22m               [2m | [22m[36m692 bytes[39m[2m | [22m                       
[32mchunk-SXWXMTNK.mjs[39m  [2m | [22m[2m-[22m               [2m | [22m[36m690 bytes[39m[2m | [22m                       
[32mchunk-4TUEPLA6.mjs[39m  [2m | [22m[2m-[22m               [2m | [22m[36m688 bytes[39m[2m | [22m                       
[32mchunk-RWHJOGNO.mjs[39m  [2m | [22m[2m-[22m               [2m | [22m[36m686 bytes[39m[2m | [22m                       
[32mchunk-MN63IJC4.mjs[39m  [2m | [22m[2m-[22m               [2m | [22m[36m541 bytes[39m[2m | [22m                       

[1mLazy chunk files[22m    [2m | [22m[1mNames[22m           [2m | [22m [1mRaw size[22m
[32mchunk-RHDGF2TI.mjs[39m  [2m | [22m[2mxhr2[22m            [2m | [22m [36m12.14 kB[39m[2m | [22m                       
[32mchunk-N3SI5I4Q.mjs[39m  [2m | [22m[2mxhr2[22m            [2m | [22m [36m12.07 kB[39m[2m | [22m                       
[32mchunk-VSQWRGFR.mjs[39m  [2m | [22m[2mproducts-module[22m [2m | [22m[36m190 bytes[39m[2m | [22m                       
[32mchunk-PJE5LOCZ.mjs[39m  [2m | [22m[2mcustomers-module[22m[2m | [22m[36m186 bytes[39m[2m | [22m                       
[32mchunk-GWS2HBBF.mjs[39m  [2m | [22m[2mproducts-module[22m [2m | [22m[36m185 bytes[39m[2m | [22m                       
[32mchunk-6FYLEZM6.mjs[39m  [2m | [22m[2mbaskets-module[22m  [2m | [22m[36m184 bytes[39m[2m | [22m                       
[32mchunk-U72OBAAF.mjs[39m  [2m | [22m[2morders-module[22m   [2m | [22m[36m183 bytes[39m[2m | [22m                       
[32mchunk-MGVGPTNA.mjs[39m  [2m | [22m[2mdashboard-module[22m[2m | [22m[36m157 bytes[39m[2m | [22m                       

[35mPrerendered 8 static routes.[39m
Application bundle generation failed. [10.481 seconds] - 2026-01-30T21:16:36.501Z

[1m[33m[33mÔû▓ [43
;33m[[43;30mWARNING[
43;33m][0m [1mbundle
 initial exceeded maxi
mum budget. Budget 500
.00 kB was not met by 
704.97 kB with a total
 of 1.20 MB.[0m


[33mÔû▓ [43;33m[[43
;30mWARNING[43;33m][
0m [1m44 rules skippe
d due to selector erro
rs:
  0% -> Unmatched sele
ctor: %
  5% -> Unmatched sele
ctor: %
  0% -> Unmatched sele
ctor: %
  5% -> Unmatched sele
ctor: %
  50% -> Unmatched sel
ector: %
  50% -> Unmatched sel
ector: %
  50% -> Unmatched sel
ector: %
  50% -> Unmatched sel
ector: %
  50% -> Unmatched sel
ector: %
  50% -> Unmatched sel
ector: %
  50% -> Unmatched sel
ector: %
  50% -> Unmatched sel
ector: %
  50% -> Unmatched sel
ector: %
  50% -> Unmatched sel
ector: %
  50% -> Unmatched sel
ector: %
  50% -> Unmatched sel
ector: %
  25% -> Unmatched sel
ector: %
  50% -> Unmatched sel
ector: %
  25% -> Unmatched sel
ector: %
  50% -> Unmatched sel
ector: %
  50% -> Unmatched sel
ector: %
  75% -> Unmatched sel
ector: %
  50% -> Unmatched sel
ector: %
  75% -> Unmatched sel
ector: %
  17% -> Unmatched sel
ector: %
  34% -> Unmatched sel
ector: %
  50% -> Unmatched sel
ector: %
  67% -> Unmatched sel
ector: %
  84% -> Unmatched sel
ector: %
  17% -> Unmatched sel
ector: %
  34% -> Unmatched sel
ector: %
  50% -> Unmatched sel
ector: %
  67% -> Unmatched sel
ector: %
  84% -> Unmatched sel
ector: %
  17% -> Unmatched sel
ector: %
  34% -> Unmatched sel
ector: %
  50% -> Unmatched sel
ector: %
  67% -> Unmatched sel
ector: %
  84% -> Unmatched sel
ector: %
  17% -> Unmatched sel
ector: %
  34% -> Unmatched sel
ector: %
  50% -> Unmatched sel
ector: %
  67% -> Unmatched sel
ector: %
  84% -> Unmatched sel
ector: %[0m

[39m[22m
[1m[31m[31mX [41;3
1m[[41;97mERROR[41;3
1m][0m [1mbundle ini
tial exceeded maximum 
budget. Budget 1.00 MB
 was not met by 204.97
 kB with a total of 1.
20 MB.[0m

[39m[22m
